Archive member included to satisfy reference by file (symbol)

d:/applications/mingw-w64-i686-arm-none-eabi/bin/../lib/gcc/arm-none-eabi/12.2.1/thumb/v7e-m/nofp\libgcc.a(_aeabi_uldivmod.o)
                              CMakeFiles/clioncube.elf.dir/Drivers/STM32F4xx_HAL_Driver/Src/stm32f4xx_hal_rcc.c.obj (__aeabi_uldivmod)
d:/applications/mingw-w64-i686-arm-none-eabi/bin/../lib/gcc/arm-none-eabi/12.2.1/thumb/v7e-m/nofp\libgcc.a(_udivmoddi4.o)
                              d:/applications/mingw-w64-i686-arm-none-eabi/bin/../lib/gcc/arm-none-eabi/12.2.1/thumb/v7e-m/nofp\libgcc.a(_aeabi_uldivmod.o) (__udivmoddi4)
d:/applications/mingw-w64-i686-arm-none-eabi/bin/../lib/gcc/arm-none-eabi/12.2.1/thumb/v7e-m/nofp\libgcc.a(_dvmd_tls.o)
                              d:/applications/mingw-w64-i686-arm-none-eabi/bin/../lib/gcc/arm-none-eabi/12.2.1/thumb/v7e-m/nofp\libgcc.a(_aeabi_uldivmod.o) (__aeabi_ldiv0)
d:/applications/mingw-w64-i686-arm-none-eabi/bin/../lib/gcc/arm-none-eabi/12.2.1/thumb/v7e-m/nofp\libg.a(libc_a-exit.o)
                              d:/applications/mingw-w64-i686-arm-none-eabi/bin/../lib/gcc/arm-none-eabi/12.2.1/thumb/v7e-m/nofp/crt0.o (exit)
d:/applications/mingw-w64-i686-arm-none-eabi/bin/../lib/gcc/arm-none-eabi/12.2.1/thumb/v7e-m/nofp\libg.a(libc_a-findfp.o)
                              d:/applications/mingw-w64-i686-arm-none-eabi/bin/../lib/gcc/arm-none-eabi/12.2.1/thumb/v7e-m/nofp\libg.a(libc_a-exit.o) (__stdio_exit_handler)
d:/applications/mingw-w64-i686-arm-none-eabi/bin/../lib/gcc/arm-none-eabi/12.2.1/thumb/v7e-m/nofp\libg.a(libc_a-fwalk.o)
                              d:/applications/mingw-w64-i686-arm-none-eabi/bin/../lib/gcc/arm-none-eabi/12.2.1/thumb/v7e-m/nofp\libg.a(libc_a-findfp.o) (_fwalk_sglue)
d:/applications/mingw-w64-i686-arm-none-eabi/bin/../lib/gcc/arm-none-eabi/12.2.1/thumb/v7e-m/nofp\libg.a(libc_a-stdio.o)
                              d:/applications/mingw-w64-i686-arm-none-eabi/bin/../lib/gcc/arm-none-eabi/12.2.1/thumb/v7e-m/nofp\libg.a(libc_a-findfp.o) (__sread)
d:/applications/mingw-w64-i686-arm-none-eabi/bin/../lib/gcc/arm-none-eabi/12.2.1/thumb/v7e-m/nofp\libg.a(libc_a-memset.o)
                              d:/applications/mingw-w64-i686-arm-none-eabi/bin/../lib/gcc/arm-none-eabi/12.2.1/thumb/v7e-m/nofp/crt0.o (memset)
d:/applications/mingw-w64-i686-arm-none-eabi/bin/../lib/gcc/arm-none-eabi/12.2.1/thumb/v7e-m/nofp\libg.a(libc_a-closer.o)
                              d:/applications/mingw-w64-i686-arm-none-eabi/bin/../lib/gcc/arm-none-eabi/12.2.1/thumb/v7e-m/nofp\libg.a(libc_a-stdio.o) (_close_r)
d:/applications/mingw-w64-i686-arm-none-eabi/bin/../lib/gcc/arm-none-eabi/12.2.1/thumb/v7e-m/nofp\libg.a(libc_a-reent.o)
                              d:/applications/mingw-w64-i686-arm-none-eabi/bin/../lib/gcc/arm-none-eabi/12.2.1/thumb/v7e-m/nofp\libg.a(libc_a-closer.o) (errno)
d:/applications/mingw-w64-i686-arm-none-eabi/bin/../lib/gcc/arm-none-eabi/12.2.1/thumb/v7e-m/nofp\libg.a(libc_a-impure.o)
                              d:/applications/mingw-w64-i686-arm-none-eabi/bin/../lib/gcc/arm-none-eabi/12.2.1/thumb/v7e-m/nofp\libg.a(libc_a-reent.o) (_impure_ptr)
d:/applications/mingw-w64-i686-arm-none-eabi/bin/../lib/gcc/arm-none-eabi/12.2.1/thumb/v7e-m/nofp\libg.a(libc_a-lseekr.o)
                              d:/applications/mingw-w64-i686-arm-none-eabi/bin/../lib/gcc/arm-none-eabi/12.2.1/thumb/v7e-m/nofp\libg.a(libc_a-stdio.o) (_lseek_r)
d:/applications/mingw-w64-i686-arm-none-eabi/bin/../lib/gcc/arm-none-eabi/12.2.1/thumb/v7e-m/nofp\libg.a(libc_a-readr.o)
                              d:/applications/mingw-w64-i686-arm-none-eabi/bin/../lib/gcc/arm-none-eabi/12.2.1/thumb/v7e-m/nofp\libg.a(libc_a-stdio.o) (_read_r)
d:/applications/mingw-w64-i686-arm-none-eabi/bin/../lib/gcc/arm-none-eabi/12.2.1/thumb/v7e-m/nofp\libg.a(libc_a-writer.o)
                              d:/applications/mingw-w64-i686-arm-none-eabi/bin/../lib/gcc/arm-none-eabi/12.2.1/thumb/v7e-m/nofp\libg.a(libc_a-stdio.o) (_write_r)
d:/applications/mingw-w64-i686-arm-none-eabi/bin/../lib/gcc/arm-none-eabi/12.2.1/thumb/v7e-m/nofp\libg.a(libc_a-errno.o)
                              CMakeFiles/clioncube.elf.dir/Src/syscalls.c.obj (__errno)
d:/applications/mingw-w64-i686-arm-none-eabi/bin/../lib/gcc/arm-none-eabi/12.2.1/thumb/v7e-m/nofp\libg.a(libc_a-init.o)
                              d:/applications/mingw-w64-i686-arm-none-eabi/bin/../lib/gcc/arm-none-eabi/12.2.1/thumb/v7e-m/nofp/crt0.o (__libc_init_array)
d:/applications/mingw-w64-i686-arm-none-eabi/bin/../lib/gcc/arm-none-eabi/12.2.1/thumb/v7e-m/nofp\libg.a(libc_a-lock.o)
                              d:/applications/mingw-w64-i686-arm-none-eabi/bin/../lib/gcc/arm-none-eabi/12.2.1/thumb/v7e-m/nofp\libg.a(libc_a-findfp.o) (__retarget_lock_init_recursive)
d:/applications/mingw-w64-i686-arm-none-eabi/bin/../lib/gcc/arm-none-eabi/12.2.1/thumb/v7e-m/nofp\libg.a(libc_a-__call_atexit.o)
[...]
Memory Configuration

Name             Origin             Length             Attributes
RAM              0x20000000         0x00020000         xrw
FLASH            0x08000000         0x00080000         xr
*default*        0x00000000         0xffffffff

Linker script and memory map

LOAD d:/applications/mingw-w64-i686-arm-none-eabi/bin/../lib/gcc/arm-none-eabi/12.2.1/thumb/v7e-m/nofp/crti.o
LOAD d:/applications/mingw-w64-i686-arm-none-eabi/bin/../lib/gcc/arm-none-eabi/12.2.1/thumb/v7e-m/nofp/crtbegin.o
LOAD d:/applications/mingw-w64-i686-arm-none-eabi/bin/../lib/gcc/arm-none-eabi/12.2.1/thumb/v7e-m/nofp/crt0.o
LOAD CMakeFiles/clioncube.elf.dir/Drivers/STM32F4xx_HAL_Driver/Src/stm32f4xx_hal.c.obj
LOAD CMakeFiles/clioncube.elf.dir/Drivers/STM32F4xx_HAL_Driver/Src/stm32f4xx_hal_cortex.c.obj
LOAD CMakeFiles/clioncube.elf.dir/Drivers/STM32F4xx_HAL_Driver/Src/stm32f4xx_hal_dma.c.obj
LOAD CMakeFiles/clioncube.elf.dir/Drivers/STM32F4xx_HAL_Driver/Src/stm32f4xx_hal_dma_ex.c.obj
LOAD CMakeFiles/clioncube.elf.dir/Drivers/STM32F4xx_HAL_Driver/Src/stm32f4xx_hal_exti.c.obj
LOAD CMakeFiles/clioncube.elf.dir/Drivers/STM32F4xx_HAL_Driver/Src/stm32f4xx_hal_flash.c.obj
LOAD CMakeFiles/clioncube.elf.dir/Drivers/STM32F4xx_HAL_Driver/Src/stm32f4xx_hal_flash_ex.c.obj
LOAD CMakeFiles/clioncube.elf.dir/Drivers/STM32F4xx_HAL_Driver/Src/stm32f4xx_hal_flash_ramfunc.c.obj
LOAD CMakeFiles/clioncube.elf.dir/Drivers/STM32F4xx_HAL_Driver/Src/stm32f4xx_hal_gpio.c.obj
LOAD CMakeFiles/clioncube.elf.dir/Drivers/STM32F4xx_HAL_Driver/Src/stm32f4xx_hal_pwr.c.obj
LOAD CMakeFiles/clioncube.elf.dir/Drivers/STM32F4xx_HAL_Driver/Src/stm32f4xx_hal_pwr_ex.c.obj
LOAD CMakeFiles/clioncube.elf.dir/Drivers/STM32F4xx_HAL_Driver/Src/stm32f4xx_hal_rcc.c.obj
LOAD CMakeFiles/clioncube.elf.dir/Drivers/STM32F4xx_HAL_Driver/Src/stm32f4xx_hal_rcc_ex.c.obj
LOAD CMakeFiles/clioncube.elf.dir/Drivers/STM32F4xx_HAL_Driver/Src/stm32f4xx_hal_spi.c.obj
LOAD CMakeFiles/clioncube.elf.dir/Drivers/STM32F4xx_HAL_Driver/Src/stm32f4xx_hal_tim.c.obj
LOAD CMakeFiles/clioncube.elf.dir/Drivers/STM32F4xx_HAL_Driver/Src/stm32f4xx_hal_tim_ex.c.obj
LOAD CMakeFiles/clioncube.elf.dir/Drivers/STM32F4xx_HAL_Driver/Src/stm32f4xx_hal_uart.c.obj
LOAD CMakeFiles/clioncube.elf.dir/Src/dma.c.obj
LOAD CMakeFiles/clioncube.elf.dir/Src/gpio.c.obj
LOAD CMakeFiles/clioncube.elf.dir/Src/main.c.obj
LOAD CMakeFiles/clioncube.elf.dir/Src/spi.c.obj
LOAD CMakeFiles/clioncube.elf.dir/Src/stm32f4xx_hal_msp.c.obj
LOAD CMakeFiles/clioncube.elf.dir/Src/stm32f4xx_it.c.obj
LOAD CMakeFiles/clioncube.elf.dir/Src/syscalls.c.obj
LOAD CMakeFiles/clioncube.elf.dir/Src/sysmem.c.obj
LOAD CMakeFiles/clioncube.elf.dir/Src/system_stm32f4xx.c.obj
LOAD CMakeFiles/clioncube.elf.dir/Src/tim.c.obj
LOAD CMakeFiles/clioncube.elf.dir/Src/usart.c.obj
LOAD CMakeFiles/clioncube.elf.dir/Startup/startup_stm32f411ceux.s.obj
START GROUP
LOAD d:/applications/mingw-w64-i686-arm-none-eabi/bin/../lib/gcc/arm-none-eabi/12.2.1/thumb/v7e-m/nofp\libgcc.a
LOAD d:/applications/mingw-w64-i686-arm-none-eabi/bin/../lib/gcc/arm-none-eabi/12.2.1/thumb/v7e-m/nofp\libg.a
LOAD d:/applications/mingw-w64-i686-arm-none-eabi/bin/../lib/gcc/arm-none-eabi/12.2.1/thumb/v7e-m/nofp\libc.a
END GROUP
LOAD d:/applications/mingw-w64-i686-arm-none-eabi/bin/../lib/gcc/arm-none-eabi/12.2.1/thumb/v7e-m/nofp/crtend.o
LOAD d:/applications/mingw-w64-i686-arm-none-eabi/bin/../lib/gcc/arm-none-eabi/12.2.1/thumb/v7e-m/nofp/crtn.o
                0x20020000                _estack = (ORIGIN (RAM) + LENGTH (RAM))
                0x00000200                _Min_Heap_Size = 0x200
                0x00000400                _Min_Stack_Size = 0x400

.isr_vector     0x08000000      0x198
                0x08000000                . = ALIGN (0x4)
 *(.isr_vector)
 .isr_vector    0x08000000      0x198 CMakeFiles/clioncube.elf.dir/Startup/startup_stm32f411ceux.s.obj
                0x08000000                g_pfnVectors
                0x08000198                . = ALIGN (0x4)

.text           0x08000198     0x3208
                0x08000198                . = ALIGN (0x4)
 *(.text)
 .text          0x08000198       0x30 d:/applications/mingw-w64-i686-arm-none-eabi/bin/../lib/gcc/arm-none-eabi/12.2.1/thumb/v7e-m/nofp\libgcc.a(_aeabi_uldivmod.o)
                0x08000198                __aeabi_uldivmod
 .text          0x080001c8        0x4 d:/applications/mingw-w64-i686-arm-none-eabi/bin/../lib/gcc/arm-none-eabi/12.2.1/thumb/v7e-m/nofp\libgcc.a(_dvmd_tls.o)
                0x080001c8                __aeabi_idiv0
                0x080001c8                __aeabi_ldiv0
 *(.text*)
 .text.deregister_tm_clones
                0x080001cc       0x1c d:/applications/mingw-w64-i686-arm-none-eabi/bin/../lib/gcc/arm-none-eabi/12.2.1/thumb/v7e-m/nofp/crtbegin.o
 .text.register_tm_clones
                0x080001e8       0x24 d:/applications/mingw-w64-i686-arm-none-eabi/bin/../lib/gcc/arm-none-eabi/12.2.1/thumb/v7e-m/nofp/crtbegin.o
 .text.__do_global_dtors_aux
                0x0800020c       0x28 d:/applications/mingw-w64-i686-arm-none-eabi/bin/../lib/gcc/arm-none-eabi/12.2.1/thumb/v7e-m/nofp/crtbegin.o
 .text.frame_dummy
                0x08000234       0x24 d:/applications/mingw-w64-i686-arm-none-eabi/bin/../lib/gcc/arm-none-eabi/12.2.1/thumb/v7e-m/nofp/crtbegin.o
 .text.HAL_InitTick
                0x08000258       0x4c CMakeFiles/clioncube.elf.dir/Drivers/STM32F4xx_HAL_Driver/Src/stm32f4xx_hal.c.obj
                0x08000258                HAL_InitTick
 .text.HAL_Init
                0x080002a4       0x34 CMakeFiles/clioncube.elf.dir/Drivers/STM32F4xx_HAL_Driver/Src/stm32f4xx_hal.c.obj
                0x080002a4                HAL_Init
 .text.HAL_IncTick
                0x080002d8       0x18 CMakeFiles/clioncube.elf.dir/Drivers/STM32F4xx_HAL_Driver/Src/stm32f4xx_hal.c.obj
                0x080002d8                HAL_IncTick
 .text.HAL_GetTick
                0x080002f0        0xc CMakeFiles/clioncube.elf.dir/Drivers/STM32F4xx_HAL_Driver/Src/stm32f4xx_hal.c.obj
                0x080002f0                HAL_GetTick
 .text.__NVIC_SetPriority
                0x080002fc       0x28 CMakeFiles/clioncube.elf.dir/Drivers/STM32F4xx_HAL_Driver/Src/stm32f4xx_hal_cortex.c.obj
 .text.NVIC_EncodePriority
                0x08000324       0x3e CMakeFiles/clioncube.elf.dir/Drivers/STM32F4xx_HAL_Driver/Src/stm32f4xx_hal_cortex.c.obj
 *fill*         0x08000362        0x2 
 .text.HAL_NVIC_SetPriorityGrouping
                0x08000364       0x24 CMakeFiles/clioncube.elf.dir/Drivers/STM32F4xx_HAL_Driver/Src/stm32f4xx_hal_cortex.c.obj
                0x08000364                HAL_NVIC_SetPriorityGrouping
 .text.HAL_NVIC_SetPriority
                0x08000388       0x20 CMakeFiles/clioncube.elf.dir/Drivers/STM32F4xx_HAL_Driver/Src/stm32f4xx_hal_cortex.c.obj
                0x08000388                HAL_NVIC_SetPriority
 .text.HAL_NVIC_EnableIRQ
                0x080003a8       0x1c CMakeFiles/clioncube.elf.dir/Drivers/STM32F4xx_HAL_Driver/Src/stm32f4xx_hal_cortex.c.obj
                0x080003a8                HAL_NVIC_EnableIRQ
 .text.HAL_SYSTICK_Config
                0x080003c4       0x28 CMakeFiles/clioncube.elf.dir/Drivers/STM32F4xx_HAL_Driver/Src/stm32f4xx_hal_cortex.c.obj
                0x080003c4                HAL_SYSTICK_Config
 .text.DMA_SetConfig
                0x080003ec       0x2c CMakeFiles/clioncube.elf.dir/Drivers/STM32F4xx_HAL_Driver/Src/stm32f4xx_hal_dma.c.obj
 .text.DMA_CalcBaseAndBitshift
                0x08000418       0x40 CMakeFiles/clioncube.elf.dir/Drivers/STM32F4xx_HAL_Driver/Src/stm32f4xx_hal_dma.c.obj
 .text.DMA_CheckFifoParam
                0x08000458       0x8e CMakeFiles/clioncube.elf.dir/Drivers/STM32F4xx_HAL_Driver/Src/stm32f4xx_hal_dma.c.obj
 *fill*         0x080004e6        0x2 
 .text.HAL_DMA_Init
                0x080004e8       0xcc CMakeFiles/clioncube.elf.dir/Drivers/STM32F4xx_HAL_Driver/Src/stm32f4xx_hal_dma.c.obj
                0x080004e8                HAL_DMA_Init
 .text.HAL_DMA_Start_IT
                0x080005b4       0x6a CMakeFiles/clioncube.elf.dir/Drivers/STM32F4xx_HAL_Driver/Src/stm32f4xx_hal_dma.c.obj
                0x080005b4                HAL_DMA_Start_IT
 .text.HAL_DMA_Abort
                0x0800061e       0x94 CMakeFiles/clioncube.elf.dir/Drivers/STM32F4xx_HAL_Driver/Src/stm32f4xx_hal_dma.c.obj
                0x0800061e                HAL_DMA_Abort
 .text.HAL_DMA_Abort_IT
                0x080006b2       0x26 CMakeFiles/clioncube.elf.dir/Drivers/STM32F4xx_HAL_Driver/Src/stm32f4xx_hal_dma.c.obj
                0x080006b2                HAL_DMA_Abort_IT
 .text.HAL_DMA_IRQHandler
                0x080006d8      0x1dc CMakeFiles/clioncube.elf.dir/Drivers/STM32F4xx_HAL_Driver/Src/stm32f4xx_hal_dma.c.obj
                0x080006d8                HAL_DMA_IRQHandler
 .text.HAL_GPIO_Init
                0x080008b4      0x1d0 CMakeFiles/clioncube.elf.dir/Drivers/STM32F4xx_HAL_Driver/Src/stm32f4xx_hal_gpio.c.obj
                0x080008b4                HAL_GPIO_Init
 .text.HAL_GPIO_WritePin
                0x08000a84        0xc CMakeFiles/clioncube.elf.dir/Drivers/STM32F4xx_HAL_Driver/Src/stm32f4xx_hal_gpio.c.obj
                0x08000a84                HAL_GPIO_WritePin
 .text.HAL_GPIO_TogglePin
                0x08000a90       0x12 CMakeFiles/clioncube.elf.dir/Drivers/STM32F4xx_HAL_Driver/Src/stm32f4xx_hal_gpio.c.obj
                0x08000a90                HAL_GPIO_TogglePin
 *fill*         0x08000aa2        0x2 
 .text.HAL_RCC_OscConfig
                0x08000aa4      0x3f8 CMakeFiles/clioncube.elf.dir/Drivers/STM32F4xx_HAL_Driver/Src/stm32f4xx_hal_rcc.c.obj
                0x08000aa4                HAL_RCC_OscConfig
 .text.HAL_RCC_GetSysClockFreq
                0x08000e9c       0xdc CMakeFiles/clioncube.elf.dir/Drivers/STM32F4xx_HAL_Driver/Src/stm32f4xx_hal_rcc.c.obj
                0x08000e9c                HAL_RCC_GetSysClockFreq
 .text.HAL_RCC_ClockConfig
                0x08000f78      0x160 CMakeFiles/clioncube.elf.dir/Drivers/STM32F4xx_HAL_Driver/Src/stm32f4xx_hal_rcc.c.obj
                0x08000f78                HAL_RCC_ClockConfig
 .text.HAL_RCC_GetHCLKFreq
                0x080010d8        0xc CMakeFiles/clioncube.elf.dir/Drivers/STM32F4xx_HAL_Driver/Src/stm32f4xx_hal_rcc.c.obj
                0x080010d8                HAL_RCC_GetHCLKFreq
 .text.HAL_RCC_GetPCLK1Freq
                0x080010e4       0x20 CMakeFiles/clioncube.elf.dir/Drivers/STM32F4xx_HAL_Driver/Src/stm32f4xx_hal_rcc.c.obj
                0x080010e4                HAL_RCC_GetPCLK1Freq
 .text.HAL_RCC_GetPCLK2Freq
                0x08001104       0x20 CMakeFiles/clioncube.elf.dir/Drivers/STM32F4xx_HAL_Driver/Src/stm32f4xx_hal_rcc.c.obj
                0x08001104                HAL_RCC_GetPCLK2Freq
 .text.SPI_WaitFlagStateUntilTimeout
                0x08001124       0xc8 CMakeFiles/clioncube.elf.dir/Drivers/STM32F4xx_HAL_Driver/Src/stm32f4xx_hal_spi.c.obj
 .text.SPI_EndRxTxTransaction
                0x080011ec       0x68 CMakeFiles/clioncube.elf.dir/Drivers/STM32F4xx_HAL_Driver/Src/stm32f4xx_hal_spi.c.obj
 .text.HAL_SPI_Init
                0x08001254       0xbe CMakeFiles/clioncube.elf.dir/Drivers/STM32F4xx_HAL_Driver/Src/stm32f4xx_hal_spi.c.obj
                0x08001254                HAL_SPI_Init
 .text.HAL_SPI_Transmit
                0x08001312      0x1b8 CMakeFiles/clioncube.elf.dir/Drivers/STM32F4xx_HAL_Driver/Src/stm32f4xx_hal_spi.c.obj
                0x08001312                HAL_SPI_Transmit
 .text.HAL_SPI_ErrorCallback
                0x080014ca        0x2 CMakeFiles/clioncube.elf.dir/Drivers/STM32F4xx_HAL_Driver/Src/stm32f4xx_hal_spi.c.obj
                0x080014ca                HAL_SPI_ErrorCallback
 .text.HAL_SPI_IRQHandler
                0x080014cc      0x118 CMakeFiles/clioncube.elf.dir/Drivers/STM32F4xx_HAL_Driver/Src/stm32f4xx_hal_spi.c.obj
                0x080014cc                HAL_SPI_IRQHandler
 .text.SPI_DMAAbortOnError
                0x080015e4       0x10 CMakeFiles/clioncube.elf.dir/Drivers/STM32F4xx_HAL_Driver/Src/stm32f4xx_hal_spi.c.obj
 .text.TIM_TI1_ConfigInputStage
                0x080015f4       0x24 CMakeFiles/clioncube.elf.dir/Drivers/STM32F4xx_HAL_Driver/Src/stm32f4xx_hal_tim.c.obj
 .text.TIM_TI2_ConfigInputStage
                0x08001618       0x26 CMakeFiles/clioncube.elf.dir/Drivers/STM32F4xx_HAL_Driver/Src/stm32f4xx_hal_tim.c.obj
 .text.TIM_ITRx_SetConfig
                0x0800163e       0x10 CMakeFiles/clioncube.elf.dir/Drivers/STM32F4xx_HAL_Driver/Src/stm32f4xx_hal_tim.c.obj
 *fill*         0x0800164e        0x2 
 .text.HAL_TIM_Base_Start_IT
                0x08001650       0x78 CMakeFiles/clioncube.elf.dir/Drivers/STM32F4xx_HAL_Driver/Src/stm32f4xx_hal_tim.c.obj
                0x08001650                HAL_TIM_Base_Start_IT
 .text.HAL_TIM_OC_DelayElapsedCallback
                0x080016c8        0x2 CMakeFiles/clioncube.elf.dir/Drivers/STM32F4xx_HAL_Driver/Src/stm32f4xx_hal_tim.c.obj
                0x080016c8                HAL_TIM_OC_DelayElapsedCallback
 .text.HAL_TIM_IC_CaptureCallback
                0x080016ca        0x2 CMakeFiles/clioncube.elf.dir/Drivers/STM32F4xx_HAL_Driver/Src/stm32f4xx_hal_tim.c.obj
                0x080016ca                HAL_TIM_IC_CaptureCallback
 .text.HAL_TIM_PWM_PulseFinishedCallback
                0x080016cc        0x2 CMakeFiles/clioncube.elf.dir/Drivers/STM32F4xx_HAL_Driver/Src/stm32f4xx_hal_tim.c.obj
                0x080016cc                HAL_TIM_PWM_PulseFinishedCallback
 .text.HAL_TIM_TriggerCallback
                0x080016ce        0x2 CMakeFiles/clioncube.elf.dir/Drivers/STM32F4xx_HAL_Driver/Src/stm32f4xx_hal_tim.c.obj
                0x080016ce                HAL_TIM_TriggerCallback
 .text.HAL_TIM_IRQHandler
                0x080016d0      0x17a CMakeFiles/clioncube.elf.dir/Drivers/STM32F4xx_HAL_Driver/Src/stm32f4xx_hal_tim.c.obj
                0x080016d0                HAL_TIM_IRQHandler
 *fill*         0x0800184a        0x2 
 .text.TIM_Base_SetConfig
                0x0800184c       0x9c CMakeFiles/clioncube.elf.dir/Drivers/STM32F4xx_HAL_Driver/Src/stm32f4xx_hal_tim.c.obj
                0x0800184c                TIM_Base_SetConfig
 .text.HAL_TIM_Base_Init
                0x080018e8       0x58 CMakeFiles/clioncube.elf.dir/Drivers/STM32F4xx_HAL_Driver/Src/stm32f4xx_hal_tim.c.obj
                0x080018e8                HAL_TIM_Base_Init
 .text.TIM_ETR_SetConfig
                0x08001940       0x18 CMakeFiles/clioncube.elf.dir/Drivers/STM32F4xx_HAL_Driver/Src/stm32f4xx_hal_tim.c.obj
                0x08001940                TIM_ETR_SetConfig
 .text.HAL_TIM_ConfigClockSource
                0x08001958       0xfe CMakeFiles/clioncube.elf.dir/Drivers/STM32F4xx_HAL_Driver/Src/stm32f4xx_hal_tim.c.obj
                0x08001958                HAL_TIM_ConfigClockSource
 *fill*         0x08001a56        0x2 
 .text.HAL_TIMEx_MasterConfigSynchronization
                0x08001a58       0x7c CMakeFiles/clioncube.elf.dir/Drivers/STM32F4xx_HAL_Driver/Src/stm32f4xx_hal_tim_ex.c.obj
                0x08001a58                HAL_TIMEx_MasterConfigSynchronization
 .text.HAL_TIMEx_CommutCallback
                0x08001ad4        0x2 CMakeFiles/clioncube.elf.dir/Drivers/STM32F4xx_HAL_Driver/Src/stm32f4xx_hal_tim_ex.c.obj
                0x08001ad4                HAL_TIMEx_CommutCallback
 .text.HAL_TIMEx_BreakCallback
                0x08001ad6        0x2 CMakeFiles/clioncube.elf.dir/Drivers/STM32F4xx_HAL_Driver/Src/stm32f4xx_hal_tim_ex.c.obj
                0x08001ad6                HAL_TIMEx_BreakCallback
 .text.UART_EndTxTransfer
                0x08001ad8       0x20 CMakeFiles/clioncube.elf.dir/Drivers/STM32F4xx_HAL_Driver/Src/stm32f4xx_hal_uart.c.obj
 .text.UART_EndRxTransfer
                0x08001af8       0x5c CMakeFiles/clioncube.elf.dir/Drivers/STM32F4xx_HAL_Driver/Src/stm32f4xx_hal_uart.c.obj
 .text.UART_Transmit_IT
                0x08001b54       0x60 CMakeFiles/clioncube.elf.dir/Drivers/STM32F4xx_HAL_Driver/Src/stm32f4xx_hal_uart.c.obj
 .text.UART_SetConfig
                0x08001bb4      0x110 CMakeFiles/clioncube.elf.dir/Drivers/STM32F4xx_HAL_Driver/Src/stm32f4xx_hal_uart.c.obj
 .text.HAL_UART_Init
                0x08001cc4       0x5e CMakeFiles/clioncube.elf.dir/Drivers/STM32F4xx_HAL_Driver/Src/stm32f4xx_hal_uart.c.obj
                0x08001cc4                HAL_UART_Init
 *fill*         0x08001d22        0x2 
 .text.HAL_UART_Transmit_DMA
                0x08001d24       0x9c CMakeFiles/clioncube.elf.dir/Drivers/STM32F4xx_HAL_Driver/Src/stm32f4xx_hal_uart.c.obj
                0x08001d24                HAL_UART_Transmit_DMA
 .text.HAL_UART_DMAStop
                0x08001dc0       0x84 CMakeFiles/clioncube.elf.dir/Drivers/STM32F4xx_HAL_Driver/Src/stm32f4xx_hal_uart.c.obj
                0x08001dc0                HAL_UART_DMAStop
 .text.UART_DMATransmitCplt
                0x08001e44       0x4c CMakeFiles/clioncube.elf.dir/Drivers/STM32F4xx_HAL_Driver/Src/stm32f4xx_hal_uart.c.obj
 .text.UART_EndTransmit_IT
                0x08001e90       0x1a CMakeFiles/clioncube.elf.dir/Drivers/STM32F4xx_HAL_Driver/Src/stm32f4xx_hal_uart.c.obj
 .text.HAL_UART_TxHalfCpltCallback
                0x08001eaa        0x2 CMakeFiles/clioncube.elf.dir/Drivers/STM32F4xx_HAL_Driver/Src/stm32f4xx_hal_uart.c.obj
                0x08001eaa                HAL_UART_TxHalfCpltCallback
 .text.UART_DMATxHalfCplt
                0x08001eac        0xa CMakeFiles/clioncube.elf.dir/Drivers/STM32F4xx_HAL_Driver/Src/stm32f4xx_hal_uart.c.obj
 .text.HAL_UART_RxHalfCpltCallback
                0x08001eb6        0x2 CMakeFiles/clioncube.elf.dir/Drivers/STM32F4xx_HAL_Driver/Src/stm32f4xx_hal_uart.c.obj
                0x08001eb6                HAL_UART_RxHalfCpltCallback
 .text.HAL_UART_ErrorCallback
                0x08001eb8        0x2 CMakeFiles/clioncube.elf.dir/Drivers/STM32F4xx_HAL_Driver/Src/stm32f4xx_hal_uart.c.obj
                0x08001eb8                HAL_UART_ErrorCallback
 .text.UART_DMAError
                0x08001eba       0x58 CMakeFiles/clioncube.elf.dir/Drivers/STM32F4xx_HAL_Driver/Src/stm32f4xx_hal_uart.c.obj
 .text.UART_DMAAbortOnError
                0x08001f12       0x10 CMakeFiles/clioncube.elf.dir/Drivers/STM32F4xx_HAL_Driver/Src/stm32f4xx_hal_uart.c.obj
 .text.HAL_UARTEx_RxEventCallback
                0x08001f22        0x2 CMakeFiles/clioncube.elf.dir/Drivers/STM32F4xx_HAL_Driver/Src/stm32f4xx_hal_uart.c.obj
                0x08001f22                HAL_UARTEx_RxEventCallback
 .text.UART_Receive_IT
                0x08001f24       0xe2 CMakeFiles/clioncube.elf.dir/Drivers/STM32F4xx_HAL_Driver/Src/stm32f4xx_hal_uart.c.obj
 *fill*         0x08002006        0x2 
 .text.HAL_UART_IRQHandler
                0x08002008      0x27c CMakeFiles/clioncube.elf.dir/Drivers/STM32F4xx_HAL_Driver/Src/stm32f4xx_hal_uart.c.obj
                0x08002008                HAL_UART_IRQHandler
 .text.UART_DMARxHalfCplt
                0x08002284       0x1a CMakeFiles/clioncube.elf.dir/Drivers/STM32F4xx_HAL_Driver/Src/stm32f4xx_hal_uart.c.obj
 .text.UART_DMAReceiveCplt
                0x0800229e       0x96 CMakeFiles/clioncube.elf.dir/Drivers/STM32F4xx_HAL_Driver/Src/stm32f4xx_hal_uart.c.obj
 .text.UART_Start_Receive_DMA
                0x08002334       0xa8 CMakeFiles/clioncube.elf.dir/Drivers/STM32F4xx_HAL_Driver/Src/stm32f4xx_hal_uart.c.obj
                0x08002334                UART_Start_Receive_DMA
 .text.HAL_UART_Receive_DMA
                0x080023dc       0x38 CMakeFiles/clioncube.elf.dir/Drivers/STM32F4xx_HAL_Driver/Src/stm32f4xx_hal_uart.c.obj
                0x080023dc                HAL_UART_Receive_DMA
 .text.MX_DMA_Init
                0x08002414       0x9c CMakeFiles/clioncube.elf.dir/Src/dma.c.obj
                0x08002414                MX_DMA_Init
 .text.MX_GPIO_Init
                0x080024b0      0x110 CMakeFiles/clioncube.elf.dir/Src/gpio.c.obj
                0x080024b0                MX_GPIO_Init
 .text.MX_NVIC_Init
                0x080025c0       0x14 CMakeFiles/clioncube.elf.dir/Src/main.c.obj
 .text.SPI_NSS_Pin_Control
                0x080025d4       0x20 CMakeFiles/clioncube.elf.dir/Src/main.c.obj
                0x080025d4                SPI_NSS_Pin_Control
 .text.SystemClock_Config
                0x080025f4       0x94 CMakeFiles/clioncube.elf.dir/Src/main.c.obj
                0x080025f4                SystemClock_Config
 .text.HAL_TIM_PeriodElapsedCallback
                0x08002688       0x5c CMakeFiles/clioncube.elf.dir/Src/main.c.obj
                0x08002688                HAL_TIM_PeriodElapsedCallback
 .text.SWITCH_CTRL
                0x080026e4      0x1a4 CMakeFiles/clioncube.elf.dir/Src/main.c.obj
                0x080026e4                SWITCH_CTRL
 .text.main     0x08002888      0x138 CMakeFiles/clioncube.elf.dir/Src/main.c.obj
                0x08002888                main
 .text.HAL_UART_RxCpltCallback
                0x080029c0        0x2 CMakeFiles/clioncube.elf.dir/Src/main.c.obj
                0x080029c0                HAL_UART_RxCpltCallback
 .text.HAL_UART_TxCpltCallback
                0x080029c2        0x2 CMakeFiles/clioncube.elf.dir/Src/main.c.obj
                0x080029c2                HAL_UART_TxCpltCallback
 .text.Error_Handler
                0x080029c4        0x2 CMakeFiles/clioncube.elf.dir/Src/main.c.obj
                0x080029c4                Error_Handler
 *fill*         0x080029c6        0x2 
 .text.MX_SPI2_Init
                0x080029c8       0x44 CMakeFiles/clioncube.elf.dir/Src/spi.c.obj
                0x080029c8                MX_SPI2_Init
 .text.MX_SPI3_Init
                0x08002a0c       0x48 CMakeFiles/clioncube.elf.dir/Src/spi.c.obj
                0x08002a0c                MX_SPI3_Init
 .text.HAL_SPI_MspInit
                0x08002a54       0xd0 CMakeFiles/clioncube.elf.dir/Src/spi.c.obj
                0x08002a54                HAL_SPI_MspInit
 .text.HAL_MspInit
                0x08002b24       0x38 CMakeFiles/clioncube.elf.dir/Src/stm32f4xx_hal_msp.c.obj
                0x08002b24                HAL_MspInit
 .text.NMI_Handler
                0x08002b5c        0x2 CMakeFiles/clioncube.elf.dir/Src/stm32f4xx_it.c.obj
                0x08002b5c                NMI_Handler
 .text.HardFault_Handler
                0x08002b5e        0x2 CMakeFiles/clioncube.elf.dir/Src/stm32f4xx_it.c.obj
                0x08002b5e                HardFault_Handler
 .text.MemManage_Handler
                0x08002b60        0x2 CMakeFiles/clioncube.elf.dir/Src/stm32f4xx_it.c.obj
                0x08002b60                MemManage_Handler
 .text.BusFault_Handler
                0x08002b62        0x2 CMakeFiles/clioncube.elf.dir/Src/stm32f4xx_it.c.obj
                0x08002b62                BusFault_Handler
 .text.UsageFault_Handler
                0x08002b64        0x2 CMakeFiles/clioncube.elf.dir/Src/stm32f4xx_it.c.obj
                0x08002b64                UsageFault_Handler
 .text.SVC_Handler
                0x08002b66        0x2 CMakeFiles/clioncube.elf.dir/Src/stm32f4xx_it.c.obj
                0x08002b66                SVC_Handler
 .text.DebugMon_Handler
                0x08002b68        0x2 CMakeFiles/clioncube.elf.dir/Src/stm32f4xx_it.c.obj
                0x08002b68                DebugMon_Handler
 .text.PendSV_Handler
                0x08002b6a        0x2 CMakeFiles/clioncube.elf.dir/Src/stm32f4xx_it.c.obj
                0x08002b6a                PendSV_Handler
 .text.SysTick_Handler
                0x08002b6c        0x8 CMakeFiles/clioncube.elf.dir/Src/stm32f4xx_it.c.obj
                0x08002b6c                SysTick_Handler
 .text.DMA1_Stream5_IRQHandler
                0x08002b74       0x10 CMakeFiles/clioncube.elf.dir/Src/stm32f4xx_it.c.obj
                0x08002b74                DMA1_Stream5_IRQHandler
 .text.DMA1_Stream6_IRQHandler
                0x08002b84       0x10 CMakeFiles/clioncube.elf.dir/Src/stm32f4xx_it.c.obj
                0x08002b84                DMA1_Stream6_IRQHandler
 .text.TIM2_IRQHandler
                0x08002b94       0x10 CMakeFiles/clioncube.elf.dir/Src/stm32f4xx_it.c.obj
                0x08002b94                TIM2_IRQHandler
 .text.TIM3_IRQHandler
                0x08002ba4       0x10 CMakeFiles/clioncube.elf.dir/Src/stm32f4xx_it.c.obj
                0x08002ba4                TIM3_IRQHandler
 .text.SPI2_IRQHandler
                0x08002bb4       0x10 CMakeFiles/clioncube.elf.dir/Src/stm32f4xx_it.c.obj
                0x08002bb4                SPI2_IRQHandler
 .text.USART2_IRQHandler
                0x08002bc4       0x64 CMakeFiles/clioncube.elf.dir/Src/stm32f4xx_it.c.obj
                0x08002bc4                USART2_IRQHandler
 .text.SystemInit
                0x08002c28        0x2 CMakeFiles/clioncube.elf.dir/Src/system_stm32f4xx.c.obj
                0x08002c28                SystemInit
 *fill*         0x08002c2a        0x2 
 .text.MX_TIM2_Init
                0x08002c2c       0x70 CMakeFiles/clioncube.elf.dir/Src/tim.c.obj
                0x08002c2c                MX_TIM2_Init
 .text.MX_TIM3_Init
                0x08002c9c       0x70 CMakeFiles/clioncube.elf.dir/Src/tim.c.obj
                0x08002c9c                MX_TIM3_Init
 .text.HAL_TIM_Base_MspInit
                0x08002d0c       0x64 CMakeFiles/clioncube.elf.dir/Src/tim.c.obj
                0x08002d0c                HAL_TIM_Base_MspInit
 .text.MX_USART2_UART_Init
                0x08002d70       0x34 CMakeFiles/clioncube.elf.dir/Src/usart.c.obj
                0x08002d70                MX_USART2_UART_Init
 .text.HAL_UART_MspInit
                0x08002da4      0x108 CMakeFiles/clioncube.elf.dir/Src/usart.c.obj
                0x08002da4                HAL_UART_MspInit
 .text.Reset_Handler
                0x08002eac       0x50 CMakeFiles/clioncube.elf.dir/Startup/startup_stm32f411ceux.s.obj
                0x08002eac                Reset_Handler
 .text.Default_Handler
                0x08002efc        0x2 CMakeFiles/clioncube.elf.dir/Startup/startup_stm32f411ceux.s.obj
                0x08002efc                RTC_Alarm_IRQHandler
                0x08002efc                EXTI2_IRQHandler
                0x08002efc                SPI4_IRQHandler
                0x08002efc                TIM1_CC_IRQHandler
                0x08002efc                DMA2_Stream5_IRQHandler
                0x08002efc                PVD_IRQHandler
                0x08002efc                SDIO_IRQHandler
                0x08002efc                TAMP_STAMP_IRQHandler
                0x08002efc                EXTI3_IRQHandler
                0x08002efc                TIM1_UP_TIM10_IRQHandler
                0x08002efc                I2C3_ER_IRQHandler
                0x08002efc                EXTI0_IRQHandler
                0x08002efc                I2C2_EV_IRQHandler
                0x08002efc                DMA1_Stream2_IRQHandler
                0x08002efc                FPU_IRQHandler
                0x08002efc                DMA2_Stream2_IRQHandler
                0x08002efc                SPI1_IRQHandler
                0x08002efc                TIM1_BRK_TIM9_IRQHandler
                0x08002efc                DMA2_Stream3_IRQHandler
                0x08002efc                USART6_IRQHandler
                0x08002efc                DMA2_Stream0_IRQHandler
                0x08002efc                TIM4_IRQHandler
                0x08002efc                I2C1_EV_IRQHandler
                0x08002efc                DMA1_Stream1_IRQHandler
                0x08002efc                RCC_IRQHandler
                0x08002efc                Default_Handler
                0x08002efc                EXTI15_10_IRQHandler
                0x08002efc                ADC_IRQHandler
                0x08002efc                DMA1_Stream7_IRQHandler
                0x08002efc                SPI5_IRQHandler
                0x08002efc                TIM5_IRQHandler
                0x08002efc                DMA2_Stream7_IRQHandler
                0x08002efc                I2C3_EV_IRQHandler
                0x08002efc                EXTI9_5_IRQHandler
                0x08002efc                RTC_WKUP_IRQHandler
                0x08002efc                DMA1_Stream0_IRQHandler
                0x08002efc                EXTI4_IRQHandler
                0x08002efc                WWDG_IRQHandler
                0x08002efc                OTG_FS_WKUP_IRQHandler
                0x08002efc                TIM1_TRG_COM_TIM11_IRQHandler
                0x08002efc                EXTI1_IRQHandler
                0x08002efc                I2C2_ER_IRQHandler
                0x08002efc                DMA2_Stream1_IRQHandler
                0x08002efc                FLASH_IRQHandler
                0x08002efc                DMA2_Stream4_IRQHandler
                0x08002efc                USART1_IRQHandler
                0x08002efc                OTG_FS_IRQHandler
                0x08002efc                SPI3_IRQHandler
                0x08002efc                DMA1_Stream4_IRQHandler
                0x08002efc                I2C1_ER_IRQHandler
                0x08002efc                DMA2_Stream6_IRQHandler
                0x08002efc                DMA1_Stream3_IRQHandler
 *fill*         0x08002efe        0x2 
 .text.__udivmoddi4
                0x08002f00      0x2bc d:/applications/mingw-w64-i686-arm-none-eabi/bin/../lib/gcc/arm-none-eabi/12.2.1/thumb/v7e-m/nofp\libgcc.a(_udivmoddi4.o)
                0x08002f00                __udivmoddi4
 .text.memset   0x080031bc       0xa4 d:/applications/mingw-w64-i686-arm-none-eabi/bin/../lib/gcc/arm-none-eabi/12.2.1/thumb/v7e-m/nofp\libg.a(libc_a-memset.o)
                0x080031bc                memset
 .text.__libc_init_array
                0x08003260       0x50 d:/applications/mingw-w64-i686-arm-none-eabi/bin/../lib/gcc/arm-none-eabi/12.2.1/thumb/v7e-m/nofp\libg.a(libc_a-init.o)
                0x08003260                __libc_init_array
 .text.__retarget_lock_acquire_recursive
                0x080032b0        0x4 d:/applications/mingw-w64-i686-arm-none-eabi/bin/../lib/gcc/arm-none-eabi/12.2.1/thumb/v7e-m/nofp\libg.a(libc_a-lock.o)
                0x080032b0                __retarget_lock_acquire_recursive
 .text.__retarget_lock_release_recursive
                0x080032b4        0x4 d:/applications/mingw-w64-i686-arm-none-eabi/bin/../lib/gcc/arm-none-eabi/12.2.1/thumb/v7e-m/nofp\libg.a(libc_a-lock.o)
                0x080032b4                __retarget_lock_release_recursive
 .text.startup.register_fini
                0x080032b8       0x14 d:/applications/mingw-w64-i686-arm-none-eabi/bin/../lib/gcc/arm-none-eabi/12.2.1/thumb/v7e-m/nofp\libg.a(libc_a-__call_atexit.o)
 .text.atexit   0x080032cc        0xc d:/applications/mingw-w64-i686-arm-none-eabi/bin/../lib/gcc/arm-none-eabi/12.2.1/thumb/v7e-m/nofp\libg.a(libc_a-atexit.o)
                0x080032cc                atexit
 .text.__libc_fini_array
                0x080032d8       0x28 d:/applications/mingw-w64-i686-arm-none-eabi/bin/../lib/gcc/arm-none-eabi/12.2.1/thumb/v7e-m/nofp\libg.a(libc_a-fini.o)
                0x080032d8                __libc_fini_array
 .text.__register_exitproc
                0x08003300       0x88 d:/applications/mingw-w64-i686-arm-none-eabi/bin/../lib/gcc/arm-none-eabi/12.2.1/thumb/v7e-m/nofp\libg.a(libc_a-__atexit.o)
                0x08003300                __register_exitproc
 *(.glue_7)
 .glue_7        0x08003388        0x0 linker stubs
 *(.glue_7t)
 .glue_7t       0x08003388        0x0 linker stubs
 *(.eh_frame)
 .eh_frame      0x08003388        0x0 d:/applications/mingw-w64-i686-arm-none-eabi/bin/../lib/gcc/arm-none-eabi/12.2.1/thumb/v7e-m/nofp/crtbegin.o
 *(.init)
 .init          0x08003388        0x4 d:/applications/mingw-w64-i686-arm-none-eabi/bin/../lib/gcc/arm-none-eabi/12.2.1/thumb/v7e-m/nofp/crti.o
                0x08003388                _init
 .init          0x0800338c        0x8 d:/applications/mingw-w64-i686-arm-none-eabi/bin/../lib/gcc/arm-none-eabi/12.2.1/thumb/v7e-m/nofp/crtn.o
 *(.fini)
 .fini          0x08003394        0x4 d:/applications/mingw-w64-i686-arm-none-eabi/bin/../lib/gcc/arm-none-eabi/12.2.1/thumb/v7e-m/nofp/crti.o
                0x08003394                _fini
 .fini          0x08003398        0x8 d:/applications/mingw-w64-i686-arm-none-eabi/bin/../lib/gcc/arm-none-eabi/12.2.1/thumb/v7e-m/nofp/crtn.o
                0x080033a0                . = ALIGN (0x4)
                0x080033a0                _etext = .

.vfp11_veneer   0x080033a0        0x0
 .vfp11_veneer  0x080033a0        0x0 linker stubs

.v4_bx          0x080033a0        0x0
 .v4_bx         0x080033a0        0x0 linker stubs

.iplt           0x080033a0        0x0
 .iplt          0x080033a0        0x0 d:/applications/mingw-w64-i686-arm-none-eabi/bin/../lib/gcc/arm-none-eabi/12.2.1/thumb/v7e-m/nofp/crtbegin.o

.rodata         0x080033a0       0x28
                0x080033a0                . = ALIGN (0x4)
 *(.rodata)
 *(.rodata*)
 .rodata.flagBitshiftOffset.0
                0x080033a0        0x8 CMakeFiles/clioncube.elf.dir/Drivers/STM32F4xx_HAL_Driver/Src/stm32f4xx_hal_dma.c.obj
 .rodata.NSS_PIN
                0x080033a8        0x8 CMakeFiles/clioncube.elf.dir/Src/main.c.obj
                0x080033a8                NSS_PIN
 .rodata.APBPrescTable
                0x080033b0        0x8 CMakeFiles/clioncube.elf.dir/Src/system_stm32f4xx.c.obj
                0x080033b0                APBPrescTable
 .rodata.AHBPrescTable
                0x080033b8       0x10 CMakeFiles/clioncube.elf.dir/Src/system_stm32f4xx.c.obj
                0x080033b8                AHBPrescTable
                0x080033c8                . = ALIGN (0x4)

.ARM.extab      0x080033c8        0x0
                0x080033c8                . = ALIGN (0x4)
 *(.ARM.extab* .gnu.linkonce.armextab.*)
                0x080033c8                . = ALIGN (0x4)

.ARM            0x080033c8        0x8
                0x080033c8                . = ALIGN (0x4)
                0x080033c8                __exidx_start = .
 *(.ARM.exidx*)
 .ARM.exidx.text.__udivmoddi4
                0x080033c8        0x8 d:/applications/mingw-w64-i686-arm-none-eabi/bin/../lib/gcc/arm-none-eabi/12.2.1/thumb/v7e-m/nofp\libgcc.a(_udivmoddi4.o)
                0x080033d0                __exidx_end = .
                0x080033d0                . = ALIGN (0x4)

.rel.dyn        0x080033d0        0x0
 .rel.iplt      0x080033d0        0x0 d:/applications/mingw-w64-i686-arm-none-eabi/bin/../lib/gcc/arm-none-eabi/12.2.1/thumb/v7e-m/nofp/crtbegin.o

.preinit_array  0x080033d0        0x0
                0x080033d0                . = ALIGN (0x4)
                0x080033d0                PROVIDE (__preinit_array_start = .)
 *(.preinit_array*)
                0x080033d0                PROVIDE (__preinit_array_end = .)
                0x080033d0                . = ALIGN (0x4)

.init_array     0x080033d0        0x8
                0x080033d0                . = ALIGN (0x4)
                0x080033d0                PROVIDE (__init_array_start = .)
 *(SORT_BY_NAME(.init_array.*))
 .init_array.00000
                0x080033d0        0x4 d:/applications/mingw-w64-i686-arm-none-eabi/bin/../lib/gcc/arm-none-eabi/12.2.1/thumb/v7e-m/nofp\libg.a(libc_a-__call_atexit.o)
 *(.init_array*)
 .init_array    0x080033d4        0x4 d:/applications/mingw-w64-i686-arm-none-eabi/bin/../lib/gcc/arm-none-eabi/12.2.1/thumb/v7e-m/nofp/crtbegin.o
                0x080033d8                PROVIDE (__init_array_end = .)
                0x080033d8                . = ALIGN (0x4)

.fini_array     0x080033d8        0x4
                0x080033d8                . = ALIGN (0x4)
                0x080033d8                PROVIDE (__fini_array_start = .)
 *(SORT_BY_NAME(.fini_array.*))
 *(.fini_array*)
 .fini_array    0x080033d8        0x4 d:/applications/mingw-w64-i686-arm-none-eabi/bin/../lib/gcc/arm-none-eabi/12.2.1/thumb/v7e-m/nofp/crtbegin.o
                0x080033dc                PROVIDE (__fini_array_end = .)
                0x080033dc                . = ALIGN (0x4)
                0x080033dc                _sidata = LOADADDR (.data)

.data           0x20000000       0x24 load address 0x080033dc
                0x20000000                . = ALIGN (0x4)
                0x20000000                _sdata = .
 *(.data)
 *(.data*)
 .data.uwTickFreq
                0x20000000        0x1 CMakeFiles/clioncube.elf.dir/Drivers/STM32F4xx_HAL_Driver/Src/stm32f4xx_hal.c.obj
                0x20000000                uwTickFreq
 *fill*         0x20000001        0x3 
 .data.uwTickPrio
                0x20000004        0x4 CMakeFiles/clioncube.elf.dir/Drivers/STM32F4xx_HAL_Driver/Src/stm32f4xx_hal.c.obj
                0x20000004                uwTickPrio
 .data.NSS_PORT
                0x20000008       0x10 CMakeFiles/clioncube.elf.dir/Src/main.c.obj
                0x20000008                NSS_PORT
 .data.BUFFER_SIZE
                0x20000018        0x1 CMakeFiles/clioncube.elf.dir/Src/main.c.obj
                0x20000018                BUFFER_SIZE
 *fill*         0x20000019        0x3 
 .data.SystemCoreClock
                0x2000001c        0x4 CMakeFiles/clioncube.elf.dir/Src/system_stm32f4xx.c.obj
                0x2000001c                SystemCoreClock
 .data.__atexit_recursive_mutex
                0x20000020        0x4 d:/applications/mingw-w64-i686-arm-none-eabi/bin/../lib/gcc/arm-none-eabi/12.2.1/thumb/v7e-m/nofp\libg.a(libc_a-__call_atexit.o)
                0x20000020                __atexit_recursive_mutex
 *(.RamFunc)
 *(.RamFunc*)
                0x20000024                . = ALIGN (0x4)
                0x20000024                _edata = .

.tm_clone_table
                0x20000024        0x0 load address 0x08003400
 .tm_clone_table
                0x20000024        0x0 d:/applications/mingw-w64-i686-arm-none-eabi/bin/../lib/gcc/arm-none-eabi/12.2.1/thumb/v7e-m/nofp/crtbegin.o
 .tm_clone_table
                0x20000024        0x0 d:/applications/mingw-w64-i686-arm-none-eabi/bin/../lib/gcc/arm-none-eabi/12.2.1/thumb/v7e-m/nofp/crtend.o

.igot.plt       0x20000024        0x0 load address 0x08003400
 .igot.plt      0x20000024        0x0 d:/applications/mingw-w64-i686-arm-none-eabi/bin/../lib/gcc/arm-none-eabi/12.2.1/thumb/v7e-m/nofp/crtbegin.o
                0x20000024                . = ALIGN (0x4)

.bss            0x20000024      0x4d0 load address 0x08003400
                0x20000024                _sbss = .
                0x20000024                __bss_start__ = _sbss
 *(.bss)
 *(.bss*)
 .bss.completed.1
                0x20000024        0x1 d:/applications/mingw-w64-i686-arm-none-eabi/bin/../lib/gcc/arm-none-eabi/12.2.1/thumb/v7e-m/nofp/crtbegin.o
 *fill*         0x20000025        0x3 
 .bss.object.0  0x20000028       0x18 d:/applications/mingw-w64-i686-arm-none-eabi/bin/../lib/gcc/arm-none-eabi/12.2.1/thumb/v7e-m/nofp/crtbegin.o
 .bss.uwTick    0x20000040        0x4 CMakeFiles/clioncube.elf.dir/Drivers/STM32F4xx_HAL_Driver/Src/stm32f4xx_hal.c.obj
                0x20000040                uwTick
 .bss.hdma_memtomem_dma2_stream0
                0x20000044       0x60 CMakeFiles/clioncube.elf.dir/Src/dma.c.obj
                0x20000044                hdma_memtomem_dma2_stream0
 .bss.time_cnt3.0
                0x200000a4        0x4 CMakeFiles/clioncube.elf.dir/Src/main.c.obj
 .bss.time_cnt.1
                0x200000a8        0x4 CMakeFiles/clioncube.elf.dir/Src/main.c.obj
 .bss.SPIBuffer
                0x200000ac        0x2 CMakeFiles/clioncube.elf.dir/Src/main.c.obj
                0x200000ac                SPIBuffer
 *fill*         0x200000ae        0x2 
 .bss.RxBuffer  0x200000b0       0x64 CMakeFiles/clioncube.elf.dir/Src/main.c.obj
                0x200000b0                RxBuffer
 .bss.recv_end_flag
                0x20000114        0x1 CMakeFiles/clioncube.elf.dir/Src/main.c.obj
                0x20000114                recv_end_flag
 .bss.rx_len    0x20000115        0x1 CMakeFiles/clioncube.elf.dir/Src/main.c.obj
                0x20000115                rx_len
 *fill*         0x20000116        0x2 
 .bss.hspi3     0x20000118       0x58 CMakeFiles/clioncube.elf.dir/Src/spi.c.obj
                0x20000118                hspi3
 .bss.hspi2     0x20000170       0x58 CMakeFiles/clioncube.elf.dir/Src/spi.c.obj
                0x20000170                hspi2
 .bss.htim3     0x200001c8       0x48 CMakeFiles/clioncube.elf.dir/Src/tim.c.obj
                0x200001c8                htim3
 .bss.htim2     0x20000210       0x48 CMakeFiles/clioncube.elf.dir/Src/tim.c.obj
                0x20000210                htim2
 .bss.hdma_usart2_tx
                0x20000258       0x60 CMakeFiles/clioncube.elf.dir/Src/usart.c.obj
                0x20000258                hdma_usart2_tx
 .bss.hdma_usart2_rx
                0x200002b8       0x60 CMakeFiles/clioncube.elf.dir/Src/usart.c.obj
                0x200002b8                hdma_usart2_rx
 .bss.huart2    0x20000318       0x44 CMakeFiles/clioncube.elf.dir/Src/usart.c.obj
                0x20000318                huart2
 .bss.__lock___atexit_recursive_mutex
                0x2000035c        0x1 d:/applications/mingw-w64-i686-arm-none-eabi/bin/../lib/gcc/arm-none-eabi/12.2.1/thumb/v7e-m/nofp\libg.a(libc_a-lock.o)
                0x2000035c                __lock___atexit_recursive_mutex
 *fill*         0x2000035d        0x3 
 .bss.__atexit  0x20000360        0x4 d:/applications/mingw-w64-i686-arm-none-eabi/bin/../lib/gcc/arm-none-eabi/12.2.1/thumb/v7e-m/nofp\libg.a(libc_a-__call_atexit.o)
                0x20000360                __atexit
 .bss.__atexit0
                0x20000364      0x190 d:/applications/mingw-w64-i686-arm-none-eabi/bin/../lib/gcc/arm-none-eabi/12.2.1/thumb/v7e-m/nofp\libg.a(libc_a-__atexit.o)
                0x20000364                __atexit0
 *(COMMON)
                0x200004f4                . = ALIGN (0x4)
                0x200004f4                _ebss = .
                0x200004f4                __bss_end__ = _ebss

._user_heap_stack
                0x200004f4      0x604 load address 0x08003400
                0x200004f8                . = ALIGN (0x8)
 *fill*         0x200004f4        0x4 
                [!provide]                PROVIDE (end = .)
                0x200004f8                PROVIDE (_end = .)
                0x200006f8                . = (. + _Min_Heap_Size)
 *fill*         0x200004f8      0x200 
                0x20000af8                . = (. + _Min_Stack_Size)
 *fill*         0x200006f8      0x400 
                0x20000af8                . = ALIGN (0x8)

/DISCARD/
 libc.a(*)
 libm.a(*)
 libgcc.a(*)

.ARM.attributes
                0x00000000       0x2a
 *(.ARM.attributes)
 .ARM.attributes
                0x00000000       0x1e d:/applications/mingw-w64-i686-arm-none-eabi/bin/../lib/gcc/arm-none-eabi/12.2.1/thumb/v7e-m/nofp/crti.o
 .ARM.attributes
                0x0000001e       0x2e d:/applications/mingw-w64-i686-arm-none-eabi/bin/../lib/gcc/arm-none-eabi/12.2.1/thumb/v7e-m/nofp/crtbegin.o
 .ARM.attributes
                0x0000004c       0x2e CMakeFiles/clioncube.elf.dir/Drivers/STM32F4xx_HAL_Driver/Src/stm32f4xx_hal.c.obj
 .ARM.attributes
                0x0000007a       0x2e CMakeFiles/clioncube.elf.dir/Drivers/STM32F4xx_HAL_Driver/Src/stm32f4xx_hal_cortex.c.obj
 .ARM.attributes
                0x000000a8       0x2e CMakeFiles/clioncube.elf.dir/Drivers/STM32F4xx_HAL_Driver/Src/stm32f4xx_hal_dma.c.obj
 .ARM.attributes
                0x000000d6       0x2e CMakeFiles/clioncube.elf.dir/Drivers/STM32F4xx_HAL_Driver/Src/stm32f4xx_hal_gpio.c.obj
 .ARM.attributes
                0x00000104       0x2e CMakeFiles/clioncube.elf.dir/Drivers/STM32F4xx_HAL_Driver/Src/stm32f4xx_hal_rcc.c.obj
 .ARM.attributes
                0x00000132       0x2e CMakeFiles/clioncube.elf.dir/Drivers/STM32F4xx_HAL_Driver/Src/stm32f4xx_hal_spi.c.obj
 .ARM.attributes
                0x00000160       0x2e CMakeFiles/clioncube.elf.dir/Drivers/STM32F4xx_HAL_Driver/Src/stm32f4xx_hal_tim.c.obj
 .ARM.attributes
                0x0000018e       0x2e CMakeFiles/clioncube.elf.dir/Drivers/STM32F4xx_HAL_Driver/Src/stm32f4xx_hal_tim_ex.c.obj
 .ARM.attributes
                0x000001bc       0x2e CMakeFiles/clioncube.elf.dir/Drivers/STM32F4xx_HAL_Driver/Src/stm32f4xx_hal_uart.c.obj
 .ARM.attributes
                0x000001ea       0x2e CMakeFiles/clioncube.elf.dir/Src/dma.c.obj
 .ARM.attributes
                0x00000218       0x2e CMakeFiles/clioncube.elf.dir/Src/gpio.c.obj
 .ARM.attributes
                0x00000246       0x2e CMakeFiles/clioncube.elf.dir/Src/main.c.obj
 .ARM.attributes
                0x00000274       0x2e CMakeFiles/clioncube.elf.dir/Src/spi.c.obj
 .ARM.attributes
                0x000002a2       0x2e CMakeFiles/clioncube.elf.dir/Src/stm32f4xx_hal_msp.c.obj
 .ARM.attributes
                0x000002d0       0x2e CMakeFiles/clioncube.elf.dir/Src/stm32f4xx_it.c.obj
 .ARM.attributes
                0x000002fe       0x2e CMakeFiles/clioncube.elf.dir/Src/system_stm32f4xx.c.obj
 .ARM.attributes
                0x0000032c       0x2e CMakeFiles/clioncube.elf.dir/Src/tim.c.obj
 .ARM.attributes
                0x0000035a       0x2e CMakeFiles/clioncube.elf.dir/Src/usart.c.obj
 .ARM.attributes
                0x00000388       0x21 CMakeFiles/clioncube.elf.dir/Startup/startup_stm32f411ceux.s.obj
 .ARM.attributes
                0x000003a9       0x1e d:/applications/mingw-w64-i686-arm-none-eabi/bin/../lib/gcc/arm-none-eabi/12.2.1/thumb/v7e-m/nofp\libgcc.a(_aeabi_uldivmod.o)
 .ARM.attributes
                0x000003c7       0x2e d:/applications/mingw-w64-i686-arm-none-eabi/bin/../lib/gcc/arm-none-eabi/12.2.1/thumb/v7e-m/nofp\libgcc.a(_udivmoddi4.o)
 .ARM.attributes
                0x000003f5       0x1e d:/applications/mingw-w64-i686-arm-none-eabi/bin/../lib/gcc/arm-none-eabi/12.2.1/thumb/v7e-m/nofp\libgcc.a(_dvmd_tls.o)
 .ARM.attributes
                0x00000413       0x2e d:/applications/mingw-w64-i686-arm-none-eabi/bin/../lib/gcc/arm-none-eabi/12.2.1/thumb/v7e-m/nofp\libg.a(libc_a-memset.o)
 .ARM.attributes
                0x00000441       0x2e d:/applications/mingw-w64-i686-arm-none-eabi/bin/../lib/gcc/arm-none-eabi/12.2.1/thumb/v7e-m/nofp\libg.a(libc_a-init.o)
 .ARM.attributes
                0x0000046f       0x2e d:/applications/mingw-w64-i686-arm-none-eabi/bin/../lib/gcc/arm-none-eabi/12.2.1/thumb/v7e-m/nofp\libg.a(libc_a-lock.o)
 .ARM.attributes
                0x0000049d       0x2e d:/applications/mingw-w64-i686-arm-none-eabi/bin/../lib/gcc/arm-none-eabi/12.2.1/thumb/v7e-m/nofp\libg.a(libc_a-__call_atexit.o)
 .ARM.attributes
                0x000004cb       0x2e d:/applications/mingw-w64-i686-arm-none-eabi/bin/../lib/gcc/arm-none-eabi/12.2.1/thumb/v7e-m/nofp\libg.a(libc_a-atexit.o)
 .ARM.attributes
                0x000004f9       0x2e d:/applications/mingw-w64-i686-arm-none-eabi/bin/../lib/gcc/arm-none-eabi/12.2.1/thumb/v7e-m/nofp\libg.a(libc_a-fini.o)
 .ARM.attributes
                0x00000527       0x2e d:/applications/mingw-w64-i686-arm-none-eabi/bin/../lib/gcc/arm-none-eabi/12.2.1/thumb/v7e-m/nofp\libg.a(libc_a-__atexit.o)
 .ARM.attributes
                0x00000555       0x2e d:/applications/mingw-w64-i686-arm-none-eabi/bin/../lib/gcc/arm-none-eabi/12.2.1/thumb/v7e-m/nofp/crtend.o
 .ARM.attributes
                0x00000583       0x1e d:/applications/mingw-w64-i686-arm-none-eabi/bin/../lib/gcc/arm-none-eabi/12.2.1/thumb/v7e-m/nofp/crtn.o
OUTPUT(clioncube.elf elf32-littlearm)
LOAD linker stubs
LOAD d:/applications/mingw-w64-i686-arm-none-eabi/bin/../lib/gcc/arm-none-eabi/12.2.1/thumb/v7e-m/nofp\libc.a
LOAD d:/applications/mingw-w64-i686-arm-none-eabi/bin/../lib/gcc/arm-none-eabi/12.2.1/thumb/v7e-m/nofp\libm.a
LOAD d:/applications/mingw-w64-i686-arm-none-eabi/bin/../lib/gcc/arm-none-eabi/12.2.1/thumb/v7e-m/nofp\libgcc.a

.debug_info     0x00000000    0x14ad7
 .debug_info    0x00000000      0x962 CMakeFiles/clioncube.elf.dir/Drivers/STM32F4xx_HAL_Driver/Src/stm32f4xx_hal.c.obj
 .debug_info    0x00000962      0xeed CMakeFiles/clioncube.elf.dir/Drivers/STM32F4xx_HAL_Driver/Src/stm32f4xx_hal_cortex.c.obj
 .debug_info    0x0000184f      0xad8 CMakeFiles/clioncube.elf.dir/Drivers/STM32F4xx_HAL_Driver/Src/stm32f4xx_hal_dma.c.obj
 .debug_info    0x00002327      0x73a CMakeFiles/clioncube.elf.dir/Drivers/STM32F4xx_HAL_Driver/Src/stm32f4xx_hal_gpio.c.obj
 .debug_info    0x00002a61      0xab0 CMakeFiles/clioncube.elf.dir/Drivers/STM32F4xx_HAL_Driver/Src/stm32f4xx_hal_rcc.c.obj
 .debug_info    0x00003511     0x1d81 CMakeFiles/clioncube.elf.dir/Drivers/STM32F4xx_HAL_Driver/Src/stm32f4xx_hal_spi.c.obj
 .debug_info    0x00005292     0x3b72 CMakeFiles/clioncube.elf.dir/Drivers/STM32F4xx_HAL_Driver/Src/stm32f4xx_hal_tim.c.obj
 .debug_info    0x00008e04     0x1a94 CMakeFiles/clioncube.elf.dir/Drivers/STM32F4xx_HAL_Driver/Src/stm32f4xx_hal_tim_ex.c.obj
 .debug_info    0x0000a898     0x4093 CMakeFiles/clioncube.elf.dir/Drivers/STM32F4xx_HAL_Driver/Src/stm32f4xx_hal_uart.c.obj
 .debug_info    0x0000e92b      0x7ab CMakeFiles/clioncube.elf.dir/Src/dma.c.obj
 .debug_info    0x0000f0d6      0x539 CMakeFiles/clioncube.elf.dir/Src/gpio.c.obj
 .debug_info    0x0000f60f     0x1adb CMakeFiles/clioncube.elf.dir/Src/main.c.obj
 .debug_info    0x000110ea      0xcb5 CMakeFiles/clioncube.elf.dir/Src/spi.c.obj
 .debug_info    0x00011d9f      0x28d CMakeFiles/clioncube.elf.dir/Src/stm32f4xx_hal_msp.c.obj
 .debug_info    0x0001202c      0xdaf CMakeFiles/clioncube.elf.dir/Src/stm32f4xx_it.c.obj
 .debug_info    0x00012ddb      0x35c CMakeFiles/clioncube.elf.dir/Src/system_stm32f4xx.c.obj
 .debug_info    0x00013137      0xd1d CMakeFiles/clioncube.elf.dir/Src/tim.c.obj
 .debug_info    0x00013e54      0xc55 CMakeFiles/clioncube.elf.dir/Src/usart.c.obj
 .debug_info    0x00014aa9       0x2e CMakeFiles/clioncube.elf.dir/Startup/startup_stm32f411ceux.s.obj

.debug_abbrev   0x00000000     0x291a
 .debug_abbrev  0x00000000      0x277 CMakeFiles/clioncube.elf.dir/Drivers/STM32F4xx_HAL_Driver/Src/stm32f4xx_hal.c.obj
 .debug_abbrev  0x00000277      0x39b CMakeFiles/clioncube.elf.dir/Drivers/STM32F4xx_HAL_Driver/Src/stm32f4xx_hal_cortex.c.obj
 .debug_abbrev  0x00000612      0x27d CMakeFiles/clioncube.elf.dir/Drivers/STM32F4xx_HAL_Driver/Src/stm32f4xx_hal_dma.c.obj
 .debug_abbrev  0x0000088f      0x201 CMakeFiles/clioncube.elf.dir/Drivers/STM32F4xx_HAL_Driver/Src/stm32f4xx_hal_gpio.c.obj
 .debug_abbrev  0x00000a90      0x2c5 CMakeFiles/clioncube.elf.dir/Drivers/STM32F4xx_HAL_Driver/Src/stm32f4xx_hal_rcc.c.obj
 .debug_abbrev  0x00000d55      0x278 CMakeFiles/clioncube.elf.dir/Drivers/STM32F4xx_HAL_Driver/Src/stm32f4xx_hal_spi.c.obj
 .debug_abbrev  0x00000fcd      0x27d CMakeFiles/clioncube.elf.dir/Drivers/STM32F4xx_HAL_Driver/Src/stm32f4xx_hal_tim.c.obj
 .debug_abbrev  0x0000124a      0x27b CMakeFiles/clioncube.elf.dir/Drivers/STM32F4xx_HAL_Driver/Src/stm32f4xx_hal_tim_ex.c.obj
 .debug_abbrev  0x000014c5      0x33c CMakeFiles/clioncube.elf.dir/Drivers/STM32F4xx_HAL_Driver/Src/stm32f4xx_hal_uart.c.obj
 .debug_abbrev  0x00001801      0x1da CMakeFiles/clioncube.elf.dir/Src/dma.c.obj
 .debug_abbrev  0x000019db      0x163 CMakeFiles/clioncube.elf.dir/Src/gpio.c.obj
 .debug_abbrev  0x00001b3e      0x2f8 CMakeFiles/clioncube.elf.dir/Src/main.c.obj
 .debug_abbrev  0x00001e36      0x232 CMakeFiles/clioncube.elf.dir/Src/spi.c.obj
 .debug_abbrev  0x00002068       0xd6 CMakeFiles/clioncube.elf.dir/Src/stm32f4xx_hal_msp.c.obj
 .debug_abbrev  0x0000213e      0x224 CMakeFiles/clioncube.elf.dir/Src/stm32f4xx_it.c.obj
 .debug_abbrev  0x00002362      0x120 CMakeFiles/clioncube.elf.dir/Src/system_stm32f4xx.c.obj
 .debug_abbrev  0x00002482      0x230 CMakeFiles/clioncube.elf.dir/Src/tim.c.obj
 .debug_abbrev  0x000026b2      0x24b CMakeFiles/clioncube.elf.dir/Src/usart.c.obj
 .debug_abbrev  0x000028fd       0x1d CMakeFiles/clioncube.elf.dir/Startup/startup_stm32f411ceux.s.obj

.debug_loclists
                0x00000000     0x9b64
 .debug_loclists
                0x00000000       0xc9 CMakeFiles/clioncube.elf.dir/Drivers/STM32F4xx_HAL_Driver/Src/stm32f4xx_hal.c.obj
 .debug_loclists
                0x000000c9      0x439 CMakeFiles/clioncube.elf.dir/Drivers/STM32F4xx_HAL_Driver/Src/stm32f4xx_hal_cortex.c.obj
 .debug_loclists
                0x00000502      0x763 CMakeFiles/clioncube.elf.dir/Drivers/STM32F4xx_HAL_Driver/Src/stm32f4xx_hal_dma.c.obj
 .debug_loclists
                0x00000c65      0x356 CMakeFiles/clioncube.elf.dir/Drivers/STM32F4xx_HAL_Driver/Src/stm32f4xx_hal_gpio.c.obj
 .debug_loclists
                0x00000fbb      0x3a9 CMakeFiles/clioncube.elf.dir/Drivers/STM32F4xx_HAL_Driver/Src/stm32f4xx_hal_rcc.c.obj
 .debug_loclists
                0x00001364     0x13a3 CMakeFiles/clioncube.elf.dir/Drivers/STM32F4xx_HAL_Driver/Src/stm32f4xx_hal_spi.c.obj
 .debug_loclists
                0x00002707     0x332a CMakeFiles/clioncube.elf.dir/Drivers/STM32F4xx_HAL_Driver/Src/stm32f4xx_hal_tim.c.obj
 .debug_loclists
                0x00005a31     0x124b CMakeFiles/clioncube.elf.dir/Drivers/STM32F4xx_HAL_Driver/Src/stm32f4xx_hal_tim_ex.c.obj
 .debug_loclists
                0x00006c7c     0x2bbd CMakeFiles/clioncube.elf.dir/Drivers/STM32F4xx_HAL_Driver/Src/stm32f4xx_hal_uart.c.obj
 .debug_loclists
                0x00009839       0xcd CMakeFiles/clioncube.elf.dir/Src/main.c.obj
 .debug_loclists
                0x00009906       0x81 CMakeFiles/clioncube.elf.dir/Src/spi.c.obj
 .debug_loclists
                0x00009987       0x45 CMakeFiles/clioncube.elf.dir/Src/stm32f4xx_it.c.obj
 .debug_loclists
                0x000099cc       0xdb CMakeFiles/clioncube.elf.dir/Src/system_stm32f4xx.c.obj
 .debug_loclists
                0x00009aa7       0x6d CMakeFiles/clioncube.elf.dir/Src/tim.c.obj
 .debug_loclists
                0x00009b14       0x50 CMakeFiles/clioncube.elf.dir/Src/usart.c.obj

.debug_aranges  0x00000000      0xe80
 .debug_aranges
                0x00000000       0xf0 CMakeFiles/clioncube.elf.dir/Drivers/STM32F4xx_HAL_Driver/Src/stm32f4xx_hal.c.obj
 .debug_aranges
                0x000000f0       0xd8 CMakeFiles/clioncube.elf.dir/Drivers/STM32F4xx_HAL_Driver/Src/stm32f4xx_hal_cortex.c.obj
 .debug_aranges
                0x000001c8       0x90 CMakeFiles/clioncube.elf.dir/Drivers/STM32F4xx_HAL_Driver/Src/stm32f4xx_hal_dma.c.obj
 .debug_aranges
                0x00000258       0x58 CMakeFiles/clioncube.elf.dir/Drivers/STM32F4xx_HAL_Driver/Src/stm32f4xx_hal_gpio.c.obj
 .debug_aranges
                0x000002b0       0x88 CMakeFiles/clioncube.elf.dir/Drivers/STM32F4xx_HAL_Driver/Src/stm32f4xx_hal_rcc.c.obj
 .debug_aranges
                0x00000338      0x1d0 CMakeFiles/clioncube.elf.dir/Drivers/STM32F4xx_HAL_Driver/Src/stm32f4xx_hal_spi.c.obj
 .debug_aranges
                0x00000508      0x3d0 CMakeFiles/clioncube.elf.dir/Drivers/STM32F4xx_HAL_Driver/Src/stm32f4xx_hal_tim.c.obj
 .debug_aranges
                0x000008d8      0x168 CMakeFiles/clioncube.elf.dir/Drivers/STM32F4xx_HAL_Driver/Src/stm32f4xx_hal_tim_ex.c.obj
 .debug_aranges
                0x00000a40      0x200 CMakeFiles/clioncube.elf.dir/Drivers/STM32F4xx_HAL_Driver/Src/stm32f4xx_hal_uart.c.obj
 .debug_aranges
                0x00000c40       0x20 CMakeFiles/clioncube.elf.dir/Src/dma.c.obj
 .debug_aranges
                0x00000c60       0x20 CMakeFiles/clioncube.elf.dir/Src/gpio.c.obj
 .debug_aranges
                0x00000c80       0x60 CMakeFiles/clioncube.elf.dir/Src/main.c.obj
 .debug_aranges
                0x00000ce0       0x38 CMakeFiles/clioncube.elf.dir/Src/spi.c.obj
 .debug_aranges
                0x00000d18       0x20 CMakeFiles/clioncube.elf.dir/Src/stm32f4xx_hal_msp.c.obj
 .debug_aranges
                0x00000d38       0x90 CMakeFiles/clioncube.elf.dir/Src/stm32f4xx_it.c.obj
 .debug_aranges
                0x00000dc8       0x28 CMakeFiles/clioncube.elf.dir/Src/system_stm32f4xx.c.obj
 .debug_aranges
                0x00000df0       0x38 CMakeFiles/clioncube.elf.dir/Src/tim.c.obj
 .debug_aranges
                0x00000e28       0x30 CMakeFiles/clioncube.elf.dir/Src/usart.c.obj
 .debug_aranges
                0x00000e58       0x28 CMakeFiles/clioncube.elf.dir/Startup/startup_stm32f411ceux.s.obj

.debug_rnglists
                0x00000000      0xb1d
 .debug_rnglists
                0x00000000       0xaf CMakeFiles/clioncube.elf.dir/Drivers/STM32F4xx_HAL_Driver/Src/stm32f4xx_hal.c.obj
 .debug_rnglists
                0x000000af       0x9d CMakeFiles/clioncube.elf.dir/Drivers/STM32F4xx_HAL_Driver/Src/stm32f4xx_hal_cortex.c.obj
 .debug_rnglists
                0x0000014c       0x6c CMakeFiles/clioncube.elf.dir/Drivers/STM32F4xx_HAL_Driver/Src/stm32f4xx_hal_dma.c.obj
 .debug_rnglists
                0x000001b8       0x3f CMakeFiles/clioncube.elf.dir/Drivers/STM32F4xx_HAL_Driver/Src/stm32f4xx_hal_gpio.c.obj
 .debug_rnglists
                0x000001f7       0x75 CMakeFiles/clioncube.elf.dir/Drivers/STM32F4xx_HAL_Driver/Src/stm32f4xx_hal_rcc.c.obj
 .debug_rnglists
                0x0000026c      0x169 CMakeFiles/clioncube.elf.dir/Drivers/STM32F4xx_HAL_Driver/Src/stm32f4xx_hal_spi.c.obj
 .debug_rnglists
                0x000003d5      0x2ff CMakeFiles/clioncube.elf.dir/Drivers/STM32F4xx_HAL_Driver/Src/stm32f4xx_hal_tim.c.obj
 .debug_rnglists
                0x000006d4      0x11a CMakeFiles/clioncube.elf.dir/Drivers/STM32F4xx_HAL_Driver/Src/stm32f4xx_hal_tim_ex.c.obj
 .debug_rnglists
                0x000007ee      0x19b CMakeFiles/clioncube.elf.dir/Drivers/STM32F4xx_HAL_Driver/Src/stm32f4xx_hal_uart.c.obj
 .debug_rnglists
                0x00000989       0x14 CMakeFiles/clioncube.elf.dir/Src/dma.c.obj
 .debug_rnglists
                0x0000099d       0x14 CMakeFiles/clioncube.elf.dir/Src/gpio.c.obj
 .debug_rnglists
                0x000009b1       0x54 CMakeFiles/clioncube.elf.dir/Src/main.c.obj
 .debug_rnglists
                0x00000a05       0x26 CMakeFiles/clioncube.elf.dir/Src/spi.c.obj
 .debug_rnglists
                0x00000a2b       0x13 CMakeFiles/clioncube.elf.dir/Src/stm32f4xx_hal_msp.c.obj
 .debug_rnglists
                0x00000a3e       0x67 CMakeFiles/clioncube.elf.dir/Src/stm32f4xx_it.c.obj
 .debug_rnglists
                0x00000aa5       0x1a CMakeFiles/clioncube.elf.dir/Src/system_stm32f4xx.c.obj
 .debug_rnglists
                0x00000abf       0x25 CMakeFiles/clioncube.elf.dir/Src/tim.c.obj
 .debug_rnglists
                0x00000ae4       0x20 CMakeFiles/clioncube.elf.dir/Src/usart.c.obj
 .debug_rnglists
                0x00000b04       0x19 CMakeFiles/clioncube.elf.dir/Startup/startup_stm32f411ceux.s.obj

.debug_line     0x00000000    0x121be
 .debug_line    0x00000000      0x5db CMakeFiles/clioncube.elf.dir/Drivers/STM32F4xx_HAL_Driver/Src/stm32f4xx_hal.c.obj
 .debug_line    0x000005db      0x886 CMakeFiles/clioncube.elf.dir/Drivers/STM32F4xx_HAL_Driver/Src/stm32f4xx_hal_cortex.c.obj
 .debug_line    0x00000e61      0xeb0 CMakeFiles/clioncube.elf.dir/Drivers/STM32F4xx_HAL_Driver/Src/stm32f4xx_hal_dma.c.obj
 .debug_line    0x00001d11      0x6f5 CMakeFiles/clioncube.elf.dir/Drivers/STM32F4xx_HAL_Driver/Src/stm32f4xx_hal_gpio.c.obj
 .debug_line    0x00002406      0xb59 CMakeFiles/clioncube.elf.dir/Drivers/STM32F4xx_HAL_Driver/Src/stm32f4xx_hal_rcc.c.obj
 .debug_line    0x00002f5f     0x2547 CMakeFiles/clioncube.elf.dir/Drivers/STM32F4xx_HAL_Driver/Src/stm32f4xx_hal_spi.c.obj
 .debug_line    0x000054a6     0x4999 CMakeFiles/clioncube.elf.dir/Drivers/STM32F4xx_HAL_Driver/Src/stm32f4xx_hal_tim.c.obj
 .debug_line    0x00009e3f     0x1d19 CMakeFiles/clioncube.elf.dir/Drivers/STM32F4xx_HAL_Driver/Src/stm32f4xx_hal_tim_ex.c.obj
 .debug_line    0x0000bb58     0x4650 CMakeFiles/clioncube.elf.dir/Drivers/STM32F4xx_HAL_Driver/Src/stm32f4xx_hal_uart.c.obj
 .debug_line    0x000101a8      0x2b4 CMakeFiles/clioncube.elf.dir/Src/dma.c.obj
 .debug_line    0x0001045c      0x26f CMakeFiles/clioncube.elf.dir/Src/gpio.c.obj
 .debug_line    0x000106cb      0x62b CMakeFiles/clioncube.elf.dir/Src/main.c.obj
 .debug_line    0x00010cf6      0x43c CMakeFiles/clioncube.elf.dir/Src/spi.c.obj
 .debug_line    0x00011132      0x187 CMakeFiles/clioncube.elf.dir/Src/stm32f4xx_hal_msp.c.obj
 .debug_line    0x000112b9      0x415 CMakeFiles/clioncube.elf.dir/Src/stm32f4xx_it.c.obj
 .debug_line    0x000116ce      0x250 CMakeFiles/clioncube.elf.dir/Src/system_stm32f4xx.c.obj
 .debug_line    0x0001191e      0x401 CMakeFiles/clioncube.elf.dir/Src/tim.c.obj
 .debug_line    0x00011d1f      0x425 CMakeFiles/clioncube.elf.dir/Src/usart.c.obj
 .debug_line    0x00012144       0x7a CMakeFiles/clioncube.elf.dir/Startup/startup_stm32f411ceux.s.obj

.debug_str      0x00000000     0x442f
 .debug_str     0x00000000      0x9d6 CMakeFiles/clioncube.elf.dir/Drivers/STM32F4xx_HAL_Driver/Src/stm32f4xx_hal.c.obj
                                0xa3e (size before relaxing)
 .debug_str     0x000009d6      0x4c7 CMakeFiles/clioncube.elf.dir/Drivers/STM32F4xx_HAL_Driver/Src/stm32f4xx_hal_cortex.c.obj
                                0xaf4 (size before relaxing)
 .debug_str     0x00000e9d      0x540 CMakeFiles/clioncube.elf.dir/Drivers/STM32F4xx_HAL_Driver/Src/stm32f4xx_hal_dma.c.obj
                                0x796 (size before relaxing)
 .debug_str     0x000013dd      0x1fa CMakeFiles/clioncube.elf.dir/Drivers/STM32F4xx_HAL_Driver/Src/stm32f4xx_hal_gpio.c.obj
                                0x512 (size before relaxing)
 .debug_str     0x000015d7      0x33d CMakeFiles/clioncube.elf.dir/Drivers/STM32F4xx_HAL_Driver/Src/stm32f4xx_hal_rcc.c.obj
                                0x738 (size before relaxing)
 .debug_str     0x00001914      0x734 CMakeFiles/clioncube.elf.dir/Drivers/STM32F4xx_HAL_Driver/Src/stm32f4xx_hal_spi.c.obj
                                0xc1a (size before relaxing)
 .debug_str     0x00002048     0x11ee CMakeFiles/clioncube.elf.dir/Drivers/STM32F4xx_HAL_Driver/Src/stm32f4xx_hal_tim.c.obj
                               0x170f (size before relaxing)
 .debug_str     0x00003236      0x57a CMakeFiles/clioncube.elf.dir/Drivers/STM32F4xx_HAL_Driver/Src/stm32f4xx_hal_tim_ex.c.obj
                                0xf2b (size before relaxing)
 .debug_str     0x000037b0      0x7b2 CMakeFiles/clioncube.elf.dir/Drivers/STM32F4xx_HAL_Driver/Src/stm32f4xx_hal_uart.c.obj
                                0xd79 (size before relaxing)
 .debug_str     0x00003f62       0x5e CMakeFiles/clioncube.elf.dir/Src/dma.c.obj
                                0x95c (size before relaxing)
 .debug_str     0x00003fc0       0x37 CMakeFiles/clioncube.elf.dir/Src/gpio.c.obj
                                0x3a7 (size before relaxing)
 .debug_str     0x00003ff7      0x149 CMakeFiles/clioncube.elf.dir/Src/main.c.obj
                               0x134a (size before relaxing)
 .debug_str     0x00004140       0x33 CMakeFiles/clioncube.elf.dir/Src/spi.c.obj
                                0xc23 (size before relaxing)
 .debug_str     0x00004173       0x37 CMakeFiles/clioncube.elf.dir/Src/stm32f4xx_hal_msp.c.obj
                                0x2e8 (size before relaxing)
 .debug_str     0x000041aa      0x15b CMakeFiles/clioncube.elf.dir/Src/stm32f4xx_it.c.obj
                                0xc84 (size before relaxing)
 .debug_str     0x00004305       0x61 CMakeFiles/clioncube.elf.dir/Src/system_stm32f4xx.c.obj
                                0x34e (size before relaxing)
 .debug_str     0x00004366       0x38 CMakeFiles/clioncube.elf.dir/Src/tim.c.obj
                                0xd6d (size before relaxing)
 .debug_str     0x0000439e       0x36 CMakeFiles/clioncube.elf.dir/Src/usart.c.obj
                                0xc51 (size before relaxing)
 .debug_str     0x000043d4       0x5b CMakeFiles/clioncube.elf.dir/Startup/startup_stm32f411ceux.s.obj
                                 0x8c (size before relaxing)

.comment        0x00000000       0x45
 .comment       0x00000000       0x45 CMakeFiles/clioncube.elf.dir/Drivers/STM32F4xx_HAL_Driver/Src/stm32f4xx_hal.c.obj
                                 0x46 (size before relaxing)
 .comment       0x00000045       0x46 CMakeFiles/clioncube.elf.dir/Drivers/STM32F4xx_HAL_Driver/Src/stm32f4xx_hal_cortex.c.obj
 .comment       0x00000045       0x46 CMakeFiles/clioncube.elf.dir/Drivers/STM32F4xx_HAL_Driver/Src/stm32f4xx_hal_dma.c.obj
 .comment       0x00000045       0x46 CMakeFiles/clioncube.elf.dir/Drivers/STM32F4xx_HAL_Driver/Src/stm32f4xx_hal_gpio.c.obj
 .comment       0x00000045       0x46 CMakeFiles/clioncube.elf.dir/Drivers/STM32F4xx_HAL_Driver/Src/stm32f4xx_hal_rcc.c.obj
 .comment       0x00000045       0x46 CMakeFiles/clioncube.elf.dir/Drivers/STM32F4xx_HAL_Driver/Src/stm32f4xx_hal_spi.c.obj
 .comment       0x00000045       0x46 CMakeFiles/clioncube.elf.dir/Drivers/STM32F4xx_HAL_Driver/Src/stm32f4xx_hal_tim.c.obj
 .comment       0x00000045       0x46 CMakeFiles/clioncube.elf.dir/Drivers/STM32F4xx_HAL_Driver/Src/stm32f4xx_hal_tim_ex.c.obj
 .comment       0x00000045       0x46 CMakeFiles/clioncube.elf.dir/Drivers/STM32F4xx_HAL_Driver/Src/stm32f4xx_hal_uart.c.obj
 .comment       0x00000045       0x46 CMakeFiles/clioncube.elf.dir/Src/dma.c.obj
 .comment       0x00000045       0x46 CMakeFiles/clioncube.elf.dir/Src/gpio.c.obj
 .comment       0x00000045       0x46 CMakeFiles/clioncube.elf.dir/Src/main.c.obj
 .comment       0x00000045       0x46 CMakeFiles/clioncube.elf.dir/Src/spi.c.obj
 .comment       0x00000045       0x46 CMakeFiles/clioncube.elf.dir/Src/stm32f4xx_hal_msp.c.obj
 .comment       0x00000045       0x46 CMakeFiles/clioncube.elf.dir/Src/stm32f4xx_it.c.obj
 .comment       0x00000045       0x46 CMakeFiles/clioncube.elf.dir/Src/system_stm32f4xx.c.obj
 .comment       0x00000045       0x46 CMakeFiles/clioncube.elf.dir/Src/tim.c.obj
 .comment       0x00000045       0x46 CMakeFiles/clioncube.elf.dir/Src/usart.c.obj

.debug_frame    0x00000000     0x2898
 .debug_frame   0x00000000      0x1ec CMakeFiles/clioncube.elf.dir/Drivers/STM32F4xx_HAL_Driver/Src/stm32f4xx_hal.c.obj
 .debug_frame   0x000001ec      0x1cc CMakeFiles/clioncube.elf.dir/Drivers/STM32F4xx_HAL_Driver/Src/stm32f4xx_hal_cortex.c.obj
 .debug_frame   0x000003b8      0x188 CMakeFiles/clioncube.elf.dir/Drivers/STM32F4xx_HAL_Driver/Src/stm32f4xx_hal_dma.c.obj
 .debug_frame   0x00000540       0xd4 CMakeFiles/clioncube.elf.dir/Drivers/STM32F4xx_HAL_Driver/Src/stm32f4xx_hal_gpio.c.obj
 .debug_frame   0x00000614      0x16c CMakeFiles/clioncube.elf.dir/Drivers/STM32F4xx_HAL_Driver/Src/stm32f4xx_hal_rcc.c.obj
 .debug_frame   0x00000780      0x5a4 CMakeFiles/clioncube.elf.dir/Drivers/STM32F4xx_HAL_Driver/Src/stm32f4xx_hal_spi.c.obj
 .debug_frame   0x00000d24      0xb14 CMakeFiles/clioncube.elf.dir/Drivers/STM32F4xx_HAL_Driver/Src/stm32f4xx_hal_tim.c.obj
 .debug_frame   0x00001838      0x40c CMakeFiles/clioncube.elf.dir/Drivers/STM32F4xx_HAL_Driver/Src/stm32f4xx_hal_tim_ex.c.obj
 .debug_frame   0x00001c44      0x5c4 CMakeFiles/clioncube.elf.dir/Drivers/STM32F4xx_HAL_Driver/Src/stm32f4xx_hal_uart.c.obj
 .debug_frame   0x00002208       0x30 CMakeFiles/clioncube.elf.dir/Src/dma.c.obj
 .debug_frame   0x00002238       0x38 CMakeFiles/clioncube.elf.dir/Src/gpio.c.obj
 .debug_frame   0x00002270       0xe0 CMakeFiles/clioncube.elf.dir/Src/main.c.obj
 .debug_frame   0x00002350       0x78 CMakeFiles/clioncube.elf.dir/Src/spi.c.obj
 .debug_frame   0x000023c8       0x28 CMakeFiles/clioncube.elf.dir/Src/stm32f4xx_hal_msp.c.obj
 .debug_frame   0x000023f0      0x140 CMakeFiles/clioncube.elf.dir/Src/stm32f4xx_it.c.obj
 .debug_frame   0x00002530       0x30 CMakeFiles/clioncube.elf.dir/Src/system_stm32f4xx.c.obj
 .debug_frame   0x00002560       0x88 CMakeFiles/clioncube.elf.dir/Src/tim.c.obj
 .debug_frame   0x000025e8       0x64 CMakeFiles/clioncube.elf.dir/Src/usart.c.obj
 .debug_frame   0x0000264c       0x2c d:/applications/mingw-w64-i686-arm-none-eabi/bin/../lib/gcc/arm-none-eabi/12.2.1/thumb/v7e-m/nofp\libgcc.a(_aeabi_uldivmod.o)
 .debug_frame   0x00002678       0x34 d:/applications/mingw-w64-i686-arm-none-eabi/bin/../lib/gcc/arm-none-eabi/12.2.1/thumb/v7e-m/nofp\libgcc.a(_udivmoddi4.o)
 .debug_frame   0x000026ac       0x2c d:/applications/mingw-w64-i686-arm-none-eabi/bin/../lib/gcc/arm-none-eabi/12.2.1/thumb/v7e-m/nofp\libg.a(libc_a-memset.o)
 .debug_frame   0x000026d8       0x2c d:/applications/mingw-w64-i686-arm-none-eabi/bin/../lib/gcc/arm-none-eabi/12.2.1/thumb/v7e-m/nofp\libg.a(libc_a-init.o)
 .debug_frame   0x00002704       0xb0 d:/applications/mingw-w64-i686-arm-none-eabi/bin/../lib/gcc/arm-none-eabi/12.2.1/thumb/v7e-m/nofp\libg.a(libc_a-lock.o)
 .debug_frame   0x000027b4       0x5c d:/applications/mingw-w64-i686-arm-none-eabi/bin/../lib/gcc/arm-none-eabi/12.2.1/thumb/v7e-m/nofp\libg.a(libc_a-__call_atexit.o)
 .debug_frame   0x00002810       0x20 d:/applications/mingw-w64-i686-arm-none-eabi/bin/../lib/gcc/arm-none-eabi/12.2.1/thumb/v7e-m/nofp\libg.a(libc_a-atexit.o)
 .debug_frame   0x00002830       0x34 d:/applications/mingw-w64-i686-arm-none-eabi/bin/../lib/gcc/arm-none-eabi/12.2.1/thumb/v7e-m/nofp\libg.a(libc_a-fini.o)
 .debug_frame   0x00002864       0x34 d:/applications/mingw-w64-i686-arm-none-eabi/bin/../lib/gcc/arm-none-eabi/12.2.1/thumb/v7e-m/nofp\libg.a(libc_a-__atexit.o)

.debug_line_str
                0x00000000      0x142
 .debug_line_str
                0x00000000       0x70 CMakeFiles/clioncube.elf.dir/Startup/startup_stm32f411ceux.s.obj
 .debug_line_str
                0x00000070       0xc6 d:/applications/mingw-w64-i686-arm-none-eabi/bin/../lib/gcc/arm-none-eabi/12.2.1/thumb/v7e-m/nofp\libgcc.a(_aeabi_uldivmod.o)
 .debug_line_str
                0x00000136        0xc d:/applications/mingw-w64-i686-arm-none-eabi/bin/../lib/gcc/arm-none-eabi/12.2.1/thumb/v7e-m/nofp\libgcc.a(_dvmd_tls.o)
                                 0xca (size before relaxing)
